../Core/Src/Drivers/usbd_composite.c:461:17:USBD_Composite_Init	16	static
../Core/Src/Drivers/usbd_composite.c:477:17:USBD_Composite_DeInit	16	static
../Core/Src/Drivers/usbd_composite.c:494:17:USBD_Composite_EP0_RxReady	4	static
../Core/Src/Drivers/usbd_composite.c:509:17:USBD_Composite_Setup	4	static
../Core/Src/Drivers/usbd_composite.c:618:11:USBD_Composite_GetFSCfgDesc	0	static
../Core/Src/Drivers/usbd_composite.c:631:11:USBD_Composite_GetDeviceQualifierDescriptor	0	static
../Core/Src/Drivers/usbd_composite.c:566:17:USBD_Composite_DataIn	8	static
../Core/Src/Drivers/usbd_composite.c:594:10:USBD_Composite_DataOut	8	static
