../Core/Src/Devices/icm42688p.c:1150:16:read_single_icm42688_reg	16	static
../Core/Src/Devices/icm42688p.c:1150:16:read_single_icm42688_reg.constprop	16	static
../Core/Src/Devices/icm42688p.c:76:6:icm42688_enable_tap_detection	32	static
../Core/Src/Devices/icm42688p.c:152:9:icm42688_get_tap_detection_status	8	static
../Core/Src/Devices/icm42688p.c:172:6:icm42688_enable_tilt_detection2	16	static
../Core/Src/Devices/icm42688p.c:253:6:icm42688_enable_tilt_detection	32	static
../Core/Src/Devices/icm42688p.c:322:9:icm42688_get_tilt_detection_status	0	static
../Core/Src/Devices/icm42688p.c:417:6:icm42688_gyro_read	32	static
../Core/Src/Devices/icm42688p.c:430:6:icm42688_gyro_read_raw	24	static
../Core/Src/Devices/icm42688p.c:444:6:icm42688_accel_read	32	static
../Core/Src/Devices/icm42688p.c:458:6:icm42688_accel_read_raw	24	static
../Core/Src/Devices/icm42688p.c:474:6:icm42688_gyro_read_dps	8	static
../Core/Src/Devices/icm42688p.c:492:6:icm42688_accel_read_g	8	static
../Core/Src/Devices/icm42688p.c:512:6:icm42688_who_am_i	8	static
../Core/Src/Devices/icm42688p.c:531:6:icm42688_device_reset	16	static
../Core/Src/Devices/icm42688p.c:545:6:icm42688_device_reset_done	8	static
../Core/Src/Devices/icm42688p.c:561:6:icm42688_wakeup	16	static
../Core/Src/Devices/icm42688p.c:576:6:icm42688_sleep	16	static
../Core/Src/Devices/icm42688p.c:593:6:icm42688_clock_source	24	static
../Core/Src/Devices/icm42688p.c:612:6:icm42688_gyro_full_scale_select	16	static
../Core/Src/Devices/icm42688p.c:665:6:icm42688_gyro_odr_select	16	static
../Core/Src/Devices/icm42688p.c:726:6:icm42688_accel_full_scale_select	16	static
../Core/Src/Devices/icm42688p.c:762:6:icm42688_accel_odr_select	16	static
../Core/Src/Devices/icm42688p.c:829:6:icm42688_int_config	16	static
../Core/Src/Devices/icm42688p.c:846:6:icm42688_int_source_0	16	static
../Core/Src/Devices/icm42688p.c:858:6:icm42688_accel_update_clip_limit	0	static
../Core/Src/Devices/icm42688p.c:872:6:icm42688_gyro_set_scale	24	static
../Core/Src/Devices/icm42688p.c:902:6:icm42688_register_check	16	static
../Core/Src/Devices/icm42688p.c:930:6:icm42688_register_set_and_clear_bits	32	static
../Core/Src/Devices/icm42688p.c:950:6:gyro_set_range	0	static
../Core/Src/Devices/icm42688p.c:962:6:accel_set_range	0	static
../Core/Src/Devices/icm42688p.c:976:6:icm42688_configure	48	static
../Core/Src/Devices/icm42688p.c:1023:6:icm42688_enable_data_ready_interrupt	24	static
../Core/Src/Devices/icm42688p.c:1031:6:icm42688_enable_reset_done_interrupt	16	static
../Core/Src/Devices/icm42688p.c:1037:9:icm42688_is_interrupted	8	static
../Core/Src/Devices/icm42688p.c:1052:6:calculate_IMU_error	160	static
../Core/Src/Devices/icm42688p.c:345:9:icm42688_init	56	static
