../Core/Src/Devices/rdc200a.c:1791:14:rdc200a_get_frame_rate	0	static
../Core/Src/Devices/rdc200a.c:616:12:rdc200a_get_output_resolution	48	static
../Core/Src/Devices/rdc200a.c:2436:12:rdc200a_get_device_id	16	static
../Core/Src/Devices/rdc200a.c:2423:12:rdc200a_get_fw_version	24	static
../Core/Src/Devices/rdc200a.c:704:12:rdc200a_disable_text_osd	8	static
../Core/Src/Devices/rdc200a.c:1054:12:rdc200a_disable_bitmap_osd	8	static
../Core/Src/Devices/rdc200a.c:1364:5:rdc200a_enable_video_sync_interrupt	8	static
../Core/Src/Devices/rdc200a.c:1330:13:rdc200a_disable_laser_sparkling	8	static
../Core/Src/Devices/rdc200a.c:739:12:rdc200a_change_dimension_text_osd	64	static
../Core/Src/Devices/rdc200a.c:717:12:rdc200a_hide_text_osd	8	static
../Core/Src/Devices/rdc200a.c:728:12:rdc200a_show_text_osd	8	static
../Core/Src/Devices/rdc200a.c:1067:12:rdc200a_change_dimension_bitmap_osd	56	static
../Core/Src/Devices/rdc200a.c:1356:12:rdc200a_disable_video_sync_interrupt	8	static
../Core/Src/Devices/rdc200a.c:1800:12:rdc200a_set_led_duty	128	static
../Core/Src/Devices/rdc200a.c:1458:12:rdc200a_shift_vertical_pixel	48	static
../Core/Src/Devices/rdc200a.c:1538:12:rdc200a_shift_horizontal_pixel	48	static
../Core/Src/Devices/rdc200a.c:1634:12:rdc200a_generate_test_pattern	16	static
../Core/Src/Devices/rdc200a.c:352:5:rdc200a_update_lut_from_flash	24	static
../Core/Src/Devices/rdc200a.c:403:5:rdc200a_update_gamma_lut	16	static
../Core/Src/Devices/rdc200a.c:1336:12:rdc200a_change_laser_sparkling_pwm	16	static
../Core/Src/Devices/rdc200a.c:1372:12:rdc200a_request_atw_shift_pixel	40	static
../Core/Src/Devices/rdc200a.c:1620:12:rdc200a_enable_test_pattern	8	static
../Core/Src/Devices/rdc200a.c:2018:13:rdc200a_get_led_duty_from_reg.constprop	40	static
../Core/Src/Devices/rdc200a.c:2077:14:rdc200a_get_led_duty	24	static
../Core/Src/Devices/rdc200a.c:2097:13:rdc200a_fill_step_value	16	static
../Core/Src/Devices/rdc200a.c:1136:12:rdc200a_hide_bitmap_osd	8	static
../Core/Src/Devices/rdc200a.c:1739:12:rdc200a_set_image_display_format	32	static
../Core/Src/Devices/rdc200a.c:1143:12:rdc200a_show_bitmap_osd	8	static
../Core/Src/Devices/rdc200a.c:314:5:rdc200a_poweron_panel.part.0	24	static
../Core/Src/Devices/rdc200a.c:314:5:rdc200a_poweron_panel	8	static
../Core/Src/Devices/rdc200a.c:1150:12:rdc200a_change_property_bitmap_osd	40	static
../Core/Src/Devices/rdc200a.c:791:12:rdc200a_change_property_text_osd	64	static
../Core/Src/Devices/rdc200a.c:830:12:rdc200a_move_text_osd	56	static
../Core/Src/Devices/rdc200a.c:2305:12:rdc200a_change_input_display_interface	32	static
../Core/Src/Devices/rdc200a.c:1230:12:rdc200a_draw_bitmap_osd	80	static
../Core/Src/Devices/rdc200a.c:1170:12:rdc200a_move_bitmap_osd	64	static
../Core/Src/Devices/rdc200a.c:887:12:rdc200a_draw_text_osd	88	static
../Core/Src/Devices/rdc200a.c:501:6:rdc200a_update_cokoa_lut	24	static
../Core/Src/Devices/rdc200a.c:1688:6:set_rdc200a_output_60Hz	8	static
../Core/Src/Devices/rdc200a.c:2463:6:gpio_set_value	0	static
../Core/Src/Devices/rdc200a.c:2482:6:rdc200a_get_video_coord_info	24	static
../Core/Src/Devices/rdc200a.c:2517:6:rdc200a_sbs_on	0	static
../Core/Src/Devices/rdc200a.c:2522:6:rdc200a_sbs_off	0	static
../Core/Src/Devices/rdc200a.c:2557:6:rdc200a_setupOutputpin	40	static
../Core/Src/Devices/rdc200a.c:2576:5:rdc200a_check_boot_done	24	static
../Core/Src/Devices/rdc200a.c:2601:5:rdc200a_power_on	24	static
../Core/Src/Devices/rdc200a.c:2615:5:rdc200a_power_off	8	static
../Core/Src/Devices/rdc200a.c:2632:5:display_suspend	16	static
../Core/Src/Devices/rdc200a.c:2649:5:display_resume	56	static
../Core/Src/Devices/rdc200a.c:2787:5:rdc200a_config_lvds_rx_clock	16	static
../Core/Src/Devices/rdc200a.c:2813:5:rdc200a_config_mipi_rx_clock	16	static
../Core/Src/Devices/rdc200a.c:1644:7:rdc200a_change_input_resolutionx	32	static
../Core/Src/Devices/rdc200a.c:1699:6:set_rdc200a_output_90Hz	16	static
../Core/Src/Devices/rdc200a.c:2951:12:rdc200a_config_input_resolution	40	static
../Core/Src/Devices/rdc200a.c:3006:12:rdc200a_change_input_resolution2	24	static
../Core/Src/Devices/rdc200a.c:3039:12:rdc200a_change_input_resolution	40	static
../Core/Src/Devices/rdc200a.c:3075:5:RDC200A_Probe	8	static
../Core/Src/Devices/rdc200a.c:3246:9:RDC_REG_GET2	24	static
../Core/Src/Devices/rdc200a.c:3275:6:RDC_REG_SET2	32	static
../Core/Src/Devices/rdc200a.c:3301:10:RDC_REG_GET16	40	static
../Core/Src/Devices/rdc200a.c:439:12:rdc200a_enable_gamma_correction	24	static
../Core/Src/Devices/rdc200a.c:523:12:rdc200a_enable_cokoa	40	static
../Core/Src/Devices/rdc200a.c:2203:8:rdc200a_get_frame_rate_from_reg	48	static
../Core/Src/Devices/rdc200a.c:2264:12:rdc200a_prepare_controller	16	static
../Core/Src/Devices/rdc200a.c:2185:14:rdc200a_step_frame_rate	72	static
../Core/Src/Devices/rdc200a.c:3325:10:RDC_REG_GET32	0	static
