../Core/Src/Devices/rti_vc_rdc.c:37:5:rtiVC_DisableLaserSparklingPwm	8	static
../Core/Src/Devices/rti_vc_rdc.c:57:5:rtiVC_ChangeLaserSparklingPwm	0	static
../Core/Src/Devices/rti_vc_rdc.c:96:5:rtiVC_GetStatusTextOSD	12	static
../Core/Src/Devices/rti_vc_rdc.c:139:5:rtiVC_ChangeDimensionTextOSD	16	static
../Core/Src/Devices/rti_vc_rdc.c:194:5:rtiVC_ChangePropertyTextOSD	32	static
../Core/Src/Devices/rti_vc_rdc.c:251:5:rtiVC_HideTextOSD	8	static
../Core/Src/Devices/rti_vc_rdc.c:303:5:rtiVC_ShowTextOSD	16	static
../Core/Src/Devices/rti_vc_rdc.c:357:5:rtiVC_MoveTextOSD	24	static
../Core/Src/Devices/rti_vc_rdc.c:423:5:rtiVC_DrawTextOSD	80	static
../Core/Src/Devices/rti_vc_rdc.c:490:5:rtiVC_DestoryTextOsdDrawer	24	static
../Core/Src/Devices/rti_vc_rdc.c:546:5:rtiVC_CreateTextOsdDrawer	0	static
../Core/Src/Devices/rti_vc_rdc.c:590:5:rtiVC_GetStatusBitmapOSD	4	static
../Core/Src/Devices/rti_vc_rdc.c:626:5:rtiVC_ChangeDimensionBitmapOSD	16	static
../Core/Src/Devices/rti_vc_rdc.c:673:5:rtiVC_ChangePropertyBitmapOSD	24	static
../Core/Src/Devices/rti_vc_rdc.c:719:5:rtiVC_HideBitmapOSD	8	static
../Core/Src/Devices/rti_vc_rdc.c:764:5:rtiVC_ShowBitmapOSD	16	static
../Core/Src/Devices/rti_vc_rdc.c:811:5:rtiVC_MoveBitmapOSD	24	static
../Core/Src/Devices/rti_vc_rdc.c:863:5:rtiVC_DrawBitmapOSD	64	static
../Core/Src/Devices/rti_vc_rdc.c:912:5:rtiVC_DestoryBitmapOsdDrawer	24	static
../Core/Src/Devices/rti_vc_rdc.c:961:5:rtiVC_CreateBitmapOsdDrawer	0	static
../Core/Src/Devices/rti_vc_rdc.c:983:5:rtiVC_DisableVideoSyncInterrupt	0	static
../Core/Src/Devices/rti_vc_rdc.c:1003:5:rtiVC_EnableVideoSyncInterrupt	0	static
../Core/Src/Devices/rti_vc_rdc.c:1023:5:rtiVC_RequestAtwShiftPixel	0	static
../Core/Src/Devices/rti_vc_rdc.c:1052:5:rtiVC_RequestCoKOAGeneration	16	static
../Core/Src/Devices/rti_vc_rdc.c:1153:5:rtiVC_UpdateLUT	0	static
../Core/Src/Devices/rti_vc_rdc.c:1184:5:rtiVC_EnableDistortionCorrection	4	static
../Core/Src/Devices/rti_vc_rdc.c:1215:5:rtiVC_EnableGammaCorrection	0	static
../Core/Src/Devices/rti_vc_rdc.c:1246:5:rtiVC_GetOutputResolution	0	static
../Core/Src/Devices/rti_vc_rdc.c:1275:5:rtiVC_SetImageDisplayFormat	0	static
../Core/Src/Devices/rti_vc_rdc.c:1387:5:rtiVC_GetLedDuty	4	static
../Core/Src/Devices/rti_vc_rdc.c:1419:5:rtiVC_StepDownLedDuty	56	static
../Core/Src/Devices/rti_vc_rdc.c:1445:5:rtiVC_StepUpLedDuty	56	static
../Core/Src/Devices/rti_vc_rdc.c:1472:7:rtiVC_GetFrameRate	0	static
../Core/Src/Devices/rti_vc_rdc.c:1498:7:rtiVC_StepDownFrameRate	0	static
../Core/Src/Devices/rti_vc_rdc.c:1524:7:rtiVC_StepUpFrameRate	0	static
../Core/Src/Devices/rti_vc_rdc.c:1552:5:rtiVC_ConfirmLedControl	0	static
../Core/Src/Devices/rti_vc_rdc.c:1582:5:rtiVC_ReqeustLedControl	4	static
../Core/Src/Devices/rti_vc_rdc.c:1625:5:rtiVC_ShiftHorizontalPixel	0	static
../Core/Src/Devices/rti_vc_rdc.c:1655:5:rtiVC_ShiftVerticalPixel	0	static
../Core/Src/Devices/rti_vc_rdc.c:1686:5:rtiVC_GenerateTestPattern	4	static
../Core/Src/Devices/rti_vc_rdc.c:1719:5:rtiVC_EnableTestPattern	16	static
../Core/Src/Devices/rti_vc_rdc.c:1750:5:rtiVC_PowerOnPanel	0	static
../Core/Src/Devices/rti_vc_rdc.c:1780:5:rtiVC_ChangeInputResolution2	0	static
../Core/Src/Devices/rti_vc_rdc.c:1813:5:rtiVC_ChangeInputResolution	8	static
../Core/Src/Devices/rti_vc_rdc.c:1845:5:rtiVC_ChangeInputDisplayInterface	0	static
../Core/Src/Devices/rti_vc_rdc.c:1872:5:rtiVC_prepare_controller	0	static
../Core/Src/Devices/rti_vc_rdc.c:1901:5:rtiVC_GetFirmwareVersion	0	static
../Core/Src/Devices/rti_vc_rdc.c:1931:5:rtiVC_ReadFLASH	8	static
../Core/Src/Devices/rti_vc_rdc.c:1967:5:rtiVC_ProgramFLASH	24	static
../Core/Src/Devices/rti_vc_rdc.c:2007:5:rtiVC_EraseSectorFLASH	16	static
../Core/Src/Devices/rti_vc_rdc.c:2045:5:rtiVC_EraseFlashChip	8	static
../Core/Src/Devices/rti_vc_rdc.c:2080:5:rtiVC_GetRdcDeviceID	0	static
../Core/Src/Devices/rti_vc_rdc.c:2106:5:rtiVC_ResumeController	0	static
../Core/Src/Devices/rti_vc_rdc.c:2132:5:rtiVC_SuspendController	0	static
../Core/Src/Devices/rti_vc_rdc.c:2158:5:rtiVC_PowerOffController	0	static
../Core/Src/Devices/rti_vc_rdc.c:2184:5:rtiVC_PowerOnController	0	static
../Core/Src/Devices/rti_vc_rdc.c:2207:6:rtiVC_DeinitRDC	0	static
../Core/Src/Devices/rti_vc_rdc.c:2220:5:rtiVC_InitRDC	16	static
