../Core/Src/Devices/test_common.c:839:12:get_rgb_1color_value_from_user	120	static
../Core/Src/Devices/test_common.c:44:7:trim_left	8	static
../Core/Src/Devices/test_common.c:52:7:trim_right	16	static
../Core/Src/Devices/test_common.c:70:7:trim_string	16	static
../Core/Src/Devices/test_common.c:109:6:vc_SetLutDumpFlag	0	static
../Core/Src/Devices/test_common.c:114:6:write_item_bin_output_file	24	static
../Core/Src/Devices/test_common.c:138:6:write_lut2bin_output_file	16	static
../Core/Src/Devices/test_common.c:154:6:write_lut2hex_output_file	40	static
../Core/Src/Devices/test_common.c:179:5:open_lut_dump_file	32	static
../Core/Src/Devices/test_common.c:254:6:close_lut_dump_file	16	static
../Core/Src/Devices/test_common.c:273:13:vc_GetDumpDirectoryPath	0	static
../Core/Src/Devices/test_common.c:278:6:vc_SetLutDumpInfomation	8	static
../Core/Src/Devices/test_common.c:286:13:vc_GetLutDirectoryPath	0	static
../Core/Src/Devices/test_common.c:291:6:vc_SetLutDirectoryPath	0	static
../Core/Src/Devices/test_common.c:296:24:test_InputSelection	0	static
../Core/Src/Devices/test_common.c:337:6:test_DumpPanelPatchRegister	16	static
../Core/Src/Devices/test_common.c:393:6:test_DumpRdcPatchRegister	8	static
../Core/Src/Devices/test_common.c:429:6:test_AlignmentVerticalShift	152	static
../Core/Src/Devices/test_common.c:477:6:test_AlignmentHorizontalShift	152	static
../Core/Src/Devices/test_common.c:526:6:test_FactoryCalibration	152	static
../Core/Src/Devices/test_common.c:704:6:test_ShiftVerticalPixel	0	static
../Core/Src/Devices/test_common.c:742:6:test_ShiftHorizontalPixel	0	static
../Core/Src/Devices/test_common.c:952:6:test_LedCurrentControl	40	static
../Core/Src/Devices/test_common.c:1378:6:test_LedDutyControl	56	static
../Core/Src/Devices/test_common.c:1621:6:test_FrameRateControl	8	static
../Core/Src/Devices/test_common.c:1665:6:test_TestPattern	120	static
../Core/Src/Devices/test_common.c:1726:6:test_Brightness	0	static
../Core/Src/Devices/test_common.c:1755:6:test_RequestLEDcontrol	120	static
../Core/Src/Devices/test_common.c:1894:6:test_ImageDisplayFormat	0	static
../Core/Src/Devices/test_common.c:2045:6:test_ChangeI2cSlaveAddressRDC	128	static
../Core/Src/Devices/test_common.c:2152:6:test_PanelPowerOnOff	0	static
../Core/Src/Devices/test_common.c:2297:6:test_DumpFlashData	184	static
../Core/Src/Devices/test_common.c:2372:6:test_FLASH	0	static
../Core/Src/Devices/test_common.c:2418:6:test_TemperatureSensorCalibration	48	static
