../Core/Src/Devices/test_rdc200a.c:810:6:test_LaserSparklingPwm	8	static
../Core/Src/Devices/test_rdc200a.c:834:6:rtiVC_AutoGenerateAndDownloadKeystone	0	static
../Core/Src/Devices/test_rdc200a.c:912:6:test_SelectKeystone	32	static
../Core/Src/Devices/test_rdc200a.c:987:6:test_AutoGenKeystoneCoKOA	32	static
../Core/Src/Devices/test_rdc200a.c:1082:6:test_KeystoneCoKOA	0	static
../Core/Src/Devices/test_rdc200a.c:1124:6:test_CoKOA	0	static
../Core/Src/Devices/test_rdc200a.c:1526:6:test_ChangeInputDisplayInterface_RDC200A	24	static
../Core/Src/Devices/test_rdc200a.c:1604:6:test_ATW_pixel_shift	24	static
../Core/Src/Devices/test_rdc200a.c:1731:5:test_RDC200A	112	static
