../USB_DEVICE_COMPOSITE/Target/usbd_conf.c:70:6:HAL_PCD_MspInit	88	static
../USB_DEVICE_COMPOSITE/Target/usbd_conf.c:113:6:HAL_PCD_MspDeInit	8	static
../USB_DEVICE_COMPOSITE/Target/usbd_conf.c:146:6:HAL_PCD_SetupStageCallback	0	static
../USB_DEVICE_COMPOSITE/Target/usbd_conf.c:161:6:HAL_PCD_DataOutStageCallback	0	static
../USB_DEVICE_COMPOSITE/Target/usbd_conf.c:176:6:HAL_PCD_DataInStageCallback	0	static
../USB_DEVICE_COMPOSITE/Target/usbd_conf.c:190:6:HAL_PCD_SOFCallback	0	static
../USB_DEVICE_COMPOSITE/Target/usbd_conf.c:204:6:HAL_PCD_ResetCallback	8	static
../USB_DEVICE_COMPOSITE/Target/usbd_conf.c:229:6:HAL_PCD_SuspendCallback	8	static
../USB_DEVICE_COMPOSITE/Target/usbd_conf.c:253:6:HAL_PCD_ResumeCallback	8	static
../USB_DEVICE_COMPOSITE/Target/usbd_conf.c:277:6:HAL_PCD_ISOOUTIncompleteCallback	0	static
../USB_DEVICE_COMPOSITE/Target/usbd_conf.c:292:6:HAL_PCD_ISOINIncompleteCallback	0	static
../USB_DEVICE_COMPOSITE/Target/usbd_conf.c:306:6:HAL_PCD_ConnectCallback	0	static
../USB_DEVICE_COMPOSITE/Target/usbd_conf.c:320:6:HAL_PCD_DisconnectCallback	0	static
../USB_DEVICE_COMPOSITE/Target/usbd_conf.c:384:20:USBD_LL_Init	16	static
../USB_DEVICE_COMPOSITE/Target/usbd_conf.c:486:20:USBD_LL_DeInit	8	static
../USB_DEVICE_COMPOSITE/Target/usbd_conf.c:518:20:USBD_LL_Start	8	static
../USB_DEVICE_COMPOSITE/Target/usbd_conf.c:550:20:USBD_LL_Stop	8	static
../USB_DEVICE_COMPOSITE/Target/usbd_conf.c:585:20:USBD_LL_OpenEP	8	static
../USB_DEVICE_COMPOSITE/Target/usbd_conf.c:618:20:USBD_LL_CloseEP	8	static
../USB_DEVICE_COMPOSITE/Target/usbd_conf.c:651:20:USBD_LL_FlushEP	8	static
../USB_DEVICE_COMPOSITE/Target/usbd_conf.c:684:20:USBD_LL_StallEP	8	static
../USB_DEVICE_COMPOSITE/Target/usbd_conf.c:717:20:USBD_LL_ClearStallEP	8	static
../USB_DEVICE_COMPOSITE/Target/usbd_conf.c:750:9:USBD_LL_IsStallEP	0	static
../USB_DEVICE_COMPOSITE/Target/usbd_conf.c:770:20:USBD_LL_SetUSBAddress	8	static
../USB_DEVICE_COMPOSITE/Target/usbd_conf.c:805:20:USBD_LL_Transmit	8	static
../USB_DEVICE_COMPOSITE/Target/usbd_conf.c:840:20:USBD_LL_PrepareReceive	8	static
../USB_DEVICE_COMPOSITE/Target/usbd_conf.c:873:10:USBD_LL_GetRxDataSize	0	static
../USB_DEVICE_COMPOSITE/Target/usbd_conf.c:884:6:HAL_PCDEx_LPM_Callback	8	static
../USB_DEVICE_COMPOSITE/Target/usbd_conf.c:917:6:USBD_LL_Delay	0	static
../USB_DEVICE_COMPOSITE/Target/usbd_conf.c:927:7:USBD_static_malloc	0	static
../USB_DEVICE_COMPOSITE/Target/usbd_conf.c:938:7:USBD_static_CDC_malloc	0	static
../USB_DEVICE_COMPOSITE/Target/usbd_conf.c:948:7:USBD_static_HID_malloc	0	static
../USB_DEVICE_COMPOSITE/Target/usbd_conf.c:959:6:USBD_static_free	0	static
