../Core/Src/main.c:176:1:__io_putchar	16	static
../Core/Src/main.c:187:6:increase_brightness	16	static
../Core/Src/main.c:211:6:process_command	544	static
../Core/Src/main.c:298:6:do_others	56	static
../Core/Src/main.c:504:6:HAL_GPIO_EXTI_Callback	8	static,ignoring_inline_asm
../Core/Src/main.c:607:6:delay_us	24	static
../Core/Src/main.c:861:6:SystemClock_Config	96	static,ignoring_inline_asm
../Core/Src/main.c:644:5:main	72	static,ignoring_inline_asm
../Core/Src/main.c:1268:6:Error_Handler	0	static,ignoring_inline_asm
